// Jest Snapshot v1, https://goo.gl/fbAQLP

exports[`Config renders correctly 1`] = `
<DocumentFragment>
  <component />
</DocumentFragment>
`;
